interval gaps, L = 1:
  alpha=  1.0  G_alpha=  11.7853  G_beta0(n=2)=  11.3897  G_beta0(n=3)=  11.1670
  alpha=  4.0  G_alpha=  16.3182  G_beta0(n=2)=  15.2064  G_beta0(n=3)=  14.5302
  alpha= 16.0  G_alpha=  23.6436  G_beta0(n=2)=  22.4685  G_beta0(n=3)=  21.6109

n=2, alpha=1.0, L=1:  G_alpha=11.7853  G_beta0=11.3897
   R      gap(fine)   gap(coarse)   (gap-Gb)/R   nodes
  0.200     13.3828     13.3893       9.965  8433
  0.100     12.3646     12.3674       9.748  8433
  0.050     11.8658     11.8673       9.520  9777
  0.020     11.5769     11.5777       9.358  22017
  0.010     11.4828     11.4834       9.306  42417

n=2, alpha=4.0, L=1:  G_alpha=16.3182  G_beta0=15.2064
   R      gap(fine)   gap(coarse)   (gap-Gb)/R   nodes
  0.200     17.7281     17.7414      12.609  8433
  0.100     16.4708     16.4765      12.644  8433
  0.050     15.8289     15.8321      12.451  9777
  0.020     15.4520     15.4537      12.280  22017
  0.010     15.3287     15.3301      12.229  42417

n=2, alpha=16.0, L=1:  G_alpha=23.6436  G_beta0=22.4685
   R      gap(fine)   gap(coarse)   (gap-Gb)/R   nodes
  0.200     26.2037     26.2508      18.676  8433
  0.100     24.5040     24.5275      20.355  8433
  0.050     23.5211     23.5326      21.054  9777
  0.020     22.8954     22.8992      21.349  22017
  0.010     22.6827     22.6848      21.423  42417

n=3, alpha=4.0, L=1:  G_alpha=16.3182  G_beta0=14.5302
   R      gap(fine)   gap(coarse)   (gap-Gb)/R   nodes
  0.200     18.6240     18.6277      20.469  8433
  0.100     16.4680     16.4688      19.378  8433
  0.050     15.4627     15.4635      18.649  9777
  0.020     14.8939     14.8950      18.187  22017
  0.010     14.7107     14.7119      18.049  42417

python3 capsule_gap.py  31.03s user 103.71s system 1372% cpu 9.818 total
